Error: 'int' is undefined
Traceback (most recent call last):
  File "C:\Users\mukuy\philaconnect_v1\main.py", line 53, in dashboard
    return templates.TemplateResponse("dashboard.html", {"request": request, "appointments": appointments, "doctors": doctors, "hospitals": hospitals, "active_doctors": active_doctors, "appt_counts": appt_counts})
           ~~~~~~~~~~~~~~~~~~~~~~~~~~^^^^^^^^^^^^^^^^^^^^^^^^^^^^^^^^^^^^^^^^^^^^^^^^^^^^^^^^^^^^^^^^^^^^^^^^^^^^^^^^^^^^^^^^^^^^^^^^^^^^^^^^^^^^^^^^^^^^^^^^^^^^^^^^^^^^^^^^^^^^^^^^^^^^^^^^^^^^^^^^^^^^^^^^^^^^^^^^
  File "c:\Users\mukuy\philaconnect_v1\venv\Lib\site-packages\starlette\templating.py", line 210, in TemplateResponse
    return _TemplateResponse(
        template,
    ...<4 lines>...
        background=background,
    )
  File "c:\Users\mukuy\philaconnect_v1\venv\Lib\site-packages\starlette\templating.py", line 41, in __init__
    content = template.render(context)
  File "c:\Users\mukuy\philaconnect_v1\venv\Lib\site-packages\jinja2\environment.py", line 1295, in render
    self.environment.handle_exception()
    ~~~~~~~~~~~~~~~~~~~~~~~~~~~~~~~~~^^
  File "c:\Users\mukuy\philaconnect_v1\venv\Lib\site-packages\jinja2\environment.py", line 942, in handle_exception
    raise rewrite_traceback_stack(source=source)
  File "templates\dashboard.html", line 1046, in top-level template code
    <div class="appt-time"><div class="appt-time-main">{{ appt[6].split(':')[0] }}:{{ appt[6].split(':')[1] }}</div><div class="appt-time-period">{{ 'AM' if int(appt[6].split(':')[0]) < 12 else 'PM' }}</div></div>
    ^^^^^^^^^^^
  File "c:\Users\mukuy\philaconnect_v1\venv\Lib\site-packages\jinja2\utils.py", line 92, in from_obj
    if hasattr(obj, "jinja_pass_arg"):
       ~~~~~~~^^^^^^^^^^^^^^^^^^^^^^^
jinja2.exceptions.UndefinedError: 'int' is undefined
